[heyleia.com/images/favicon.png]
[ajax.googleapis.com/ajax/libs/jquery/3.2.1/jquery.min.js]
[rawgit.com/mattdiamond/Recorderjs/master/dist/recorder.js]
[cdnjs.cloudflare.com/ajax/libs/popper.js/1.11.0/umd/popper.min.js]
[heyleia.com/js/sweetalert.min.js]
[heyleia.com/js/localize-lang.js]
[heyleia.com/js/bootstrap.min.js]
[heyleia.com/js/Mp3LameEncoder.min.js]
[heyleia.com/js/indexf3ee.js]
[heyleia.com/js/multiselect.js]
[heyleia.com/js/jscolor.min.js]
[www.google.com/recaptcha/api.js]
[backblue.gif]
[fade.gif]
[index.html]
[heyleia.com/images/braidio.png]
[bat.bing.com/bat.js]
[heyleia.com/images/leia-icon.png]
[heyleia.com/images/giphy.gif]
[heyleia.com/images/loading.gif]
[heyleia.com/images/braidio_logo.png]
[www.gstatic.com/firebasejs/5.8.2/firebase.js]
[heyleia.com/index.html]
[www.googletagmanager.com/gtm5445.html]
[heyleia.com/css/stylesheet6da2.css]
[heyleia.com/css/sweetalert.css]
[heyleia.com/fonts/glyphicons-halflings-regular.eot]
[heyleia.com/fonts/glyphicons-halflings-regulard41d.eot]
[heyleia.com/css/bootstrap.css]
[heyleia.com/css/smart-app-banner.css]
[use.fontawesome.com/releases/v5.0.8/js/all.js]
[unpkg.com/sweetalert/dist/sweetalert.min.25.delayed]
[unpkg.com/sweetalert@2.1.2/dist/sweetalert.min.js]
[heyleia.com/terms.html]
[heyleia.com/js/index.js]
[heyleia.com/js/profile9374.js]
[apis.google.com/js/api_client.js]
[maxcdn.bootstrapcdn.com/font-awesome/latest/css/font-awesome.min.css]
[heyleia.com/images/utargtSm.jpg]
[heyleia.com/images/saveDay.png]
[heyleia.com/images/leiaRegLogo.png]
[heyleia.com/images/dashboard_eee.png]
[heyleia.com/images/mail2.png]
[heyleia.com/images/lgc_white.png]
[heyleia.com/images/contact_ee.png]
[heyleia.com/images/affiliate_eee.png]
[heyleia.com/images/logout_eee.png]
[heyleia.com/images/lgcNoAds.png]
[heyleia.com/images/lgcEditHtml.png]
[heyleia.com/images/lgcCustomizable.png]
[heyleia.com/images/lgcAddMultiple.png]
[heyleia.com/images/lgcEnableCommerce.png]
[heyleia.com/images/lgcBlogging.png]
[heyleia.com/images/lgcAccessAnalytics.png]
[heyleia.com/images/lgcBooking.png]
[heyleia.com/images/lgcLSaveDay.png]
[heyleia.com/images/lgcLDatum.png]
[heyleia.com/images/lgcLGrowth.png]
[heyleia.com/images/lgc401k.png]
[heyleia.com/images/lgcRSaveDay.png]
[heyleia.com/images/lgcMPG.png]
[heyleia.com/images/lgcRGrowth.png]
[heyleia.com/images/lgcGeoTarget.png]
[heyleia.com/images/lgcRDatum.png]
[heyleia.com/assets/js/core/jquery.min.js]
[heyleia.com/assets/js/core/popper.min.js]
[heyleia.com/assets/js/core/bootstrap-material-design.min.js]
[heyleia.com/assets/js/plugins/perfect-scrollbar.jquery.min.js]
[heyleia.com/assets/js/material-dashboard.minf066.js]
[heyleia.com/upgrade.html]
[api.ravepay.co/flwv3-pug/getpaidx/api/flwpbf-inline.js]
[heyleia.com/js/profile.js]
[heyleia.com/contact.html]
[heyleia.com/css/bootstrap.min.css]
[heyleia.com/fonts/glyphicons-halflings-regular.html]
[heyleia.com/fonts/glyphicons-halflings-regular-2.html]
[heyleia.com/fonts/glyphicons-halflings-regular-3.html]
[heyleia.com/fonts/glyphicons-halflings-regular.svg]
[heyleia.com/css/stylesheet.css]
[heyleia.com/images/circle_topright.png]
[heyleia.com/images/circle_bottomleft.png]
[heyleia.com/images/LGCtop_purp.png]
[heyleia.com/images/man_copy.png]
[heyleia.com/css/profile.css]
[heyleia.com/privacy.html]
[heyleia.com/assets/css/material-dashboardf066.css]
[heyleia.com/css/profilef9e3.css]
[maxcdn.bootstrapcdn.com/font-awesome/latest/css/font-awesome.min.css]
[heyleia.com/js/profile31c7.js]
[heyleia.com/images/dashboard_white.png]
[heyleia.com/images/lgc_eee.png]
[heyleia.com/images/piggyMoney2.png]
[heyleia.com/projects.html]
[heyleia.com/images/icon512.png]
[heyleia.com/js/mail3661.js]
[connect.facebook.net/en_US/fbevents.js]
[heyleia.com/images/VybeLogo.png]
[heyleia.com/images/mailEnvelope.png]
[heyleia.com/js/smart-app-banner.js]
[heyleia.com/images/topBlobNew.png]
[heyleia.com/images/blob_bottom.png]
[heyleia.com/mail/signIn.html]
[heyleia.com/lgc.html]
[heyleia.com/js/profile2048.js]
[heyleia.com/images/loginFB.png]
[heyleia.com/images/loginGoog.png]
[heyleia.com/images/robotMan.png]
[heyleia.com/signIn.html]
[heyleia.com/affiliates.html]
[heyleia.com/images/cpUpgradeHead.html]
[heyleia.com/css/profile6da2.css]
[heyleia.com/assets/demo/demo.css]
[connect.facebook.net/en_US/fbevents.js]
[heyleia.com/projectsfb9b.html]
[heyleia.com/css/profilef195.css]
[heyleia.com/images/leia.png]
[heyleia.com/images/landingman.png]
[heyleia.com/images/landing.gif]
[heyleia.com/images/only99.png]
[heyleia.com/images/free401k.png]
[heyleia.com/images/customizableDomain.png]
[heyleia.com/images/marketingPlanGenerator.png]
[heyleia.com/images/enableComm.png]
[heyleia.com/images/blogging.png]
[heyleia.com/images/accessAnalytics.png]
[heyleia.com/images/noAds.png]
[heyleia.com/images/contactDudeSmall.png]
[heyleia.com/images/blob3.png]
[heyleia.com/welcome.html]
[heyleia.com/mail/c.html]
[heyleia.com/mail/b.html]
[heyleia.com/mail/POST.html]
